// Jest Snapshot v1, https://goo.gl/fbAQLP

exports[`shelltest win32 1`] = `
Object {
  "dash-arg": Array [
    "unquoted: --ARG
",
    "single-quoted: '--ARG'
",
    "double-quoted: \\"--ARG\\"
",
  ],
  "expand": Array [
    "unquoted: **/*.js
",
    "single-quoted: '**/*.js'
",
    "double-quoted: \\"**/*.js\\"
",
  ],
  "hash-arg": Array [
    "unquoted: #ARG
",
    "single-quoted: '#ARG'
",
    "double-quoted: \\"#ARG\\"
",
  ],
  "slash-arg": Array [
    "unquoted: //ARG
",
    "single-quoted: '//ARG'
",
    "double-quoted: \\"//ARG\\"
",
  ],
}
`;
