// Jest Snapshot v1, https://goo.gl/fbAQLP

exports[`shelltest win32 1`] = `
Object {
  "amp-arg": Array [
    "Command failed: echo unquoted: &&ARG
'ARG' is not recognized as an internal or external command,
operable program or batch file.
",
    "Command failed: echo single-quoted: '&&ARG'
'ARG'' is not recognized as an internal or external command,
operable program or batch file.
",
    "double-quoted: \\"&&ARG\\"
",
  ],
  "dash-arg": Array [
    "unquoted: --ARG
",
    "single-quoted: '--ARG'
",
    "double-quoted: \\"--ARG\\"
",
  ],
  "expand": Array [
    "unquoted: **/*.js
",
    "single-quoted: '**/*.js'
",
    "double-quoted: \\"**/*.js\\"
",
  ],
  "hash-arg": Array [
    "unquoted: #ARG
",
    "single-quoted: '#ARG'
",
    "double-quoted: \\"#ARG\\"
",
  ],
  "slash-arg": Array [
    "unquoted: //ARG
",
    "single-quoted: '//ARG'
",
    "double-quoted: \\"//ARG\\"
",
  ],
}
`;
